// Jest Snapshot v1, https://goo.gl/fbAQLP

exports[`App >> connected componenet should render the App component 1`] = `ShallowWrapper {}`;
